{
   "deploy-example-customer-1.yaml": {
      "format_version": 10,
      "pipelines": {
         "deploy-example-customer-1": {
            "display_order": 3,
            "group": "example",
            "materials": {
               "deploy-example-s4s-example_stage": {
                  "pipeline": "deploy-example-s4s",
                  "stage": "example_stage"
               },
               "example_repo": {
                  "branch": "master",
                  "destination": "example",
                  "git": "git@github.com:getsentry/example.git",
                  "shallow_clone": true
               }
            },
            "region": "customer-1",
            "stages": [
               {
                  "example_stage": { }
               }
            ]
         }
      }
   },
   "deploy-example-customer-2.yaml": {
      "format_version": 10,
      "pipelines": {
         "deploy-example-customer-2": {
            "display_order": 4,
            "group": "example",
            "materials": {
               "deploy-example-customer-1-example_stage": {
                  "pipeline": "deploy-example-customer-1",
                  "stage": "example_stage"
               },
               "example_repo": {
                  "branch": "master",
                  "destination": "example",
                  "git": "git@github.com:getsentry/example.git",
                  "shallow_clone": true
               }
            },
            "region": "customer-2",
            "stages": [
               {
                  "example_stage": { }
               }
            ]
         }
      }
   },
   "deploy-example-customer-4.yaml": {
      "format_version": 10,
      "pipelines": {
         "deploy-example-customer-4": {
            "display_order": 5,
            "group": "example",
            "materials": {
               "deploy-example-customer-2-example_stage": {
                  "pipeline": "deploy-example-customer-2",
                  "stage": "example_stage"
               },
               "example_repo": {
                  "branch": "master",
                  "destination": "example",
                  "git": "git@github.com:getsentry/example.git",
                  "shallow_clone": true
               }
            },
            "region": "customer-4",
            "stages": [
               {
                  "example_stage": { }
               }
            ]
         }
      }
   },
   "deploy-example-customer-6.yaml": {
      "format_version": 10,
      "pipelines": {
         "deploy-example-customer-6": {
            "display_order": 6,
            "group": "example",
            "materials": {
               "example_repo": {
                  "branch": "master",
                  "destination": "example",
                  "git": "git@github.com:getsentry/example.git",
                  "shallow_clone": true
               }
            },
            "region": "customer-6",
            "stages": [
               {
                  "example_stage": { }
               }
            ]
         }
      }
   },
   "deploy-example-s4s.yaml": {
      "format_version": 10,
      "pipelines": {
         "deploy-example-s4s": {
            "display_order": 2,
            "group": "example",
            "materials": {
               "example_repo": {
                  "branch": "master",
                  "destination": "example",
                  "git": "git@github.com:getsentry/example.git",
                  "shallow_clone": true
               }
            },
            "region": "s4s",
            "stages": [
               {
                  "example_stage": { }
               }
            ]
         }
      }
   }
}
