{
   "example": {
      "approval": {
         "allow_only_on_success": true,
         "type": "success"
      },
      "jobs": {
         "example": {
            "tasks": [ ]
         }
      }
   }
}
