{
   "example": {
      "fetch_materials": true,
      "jobs": {
         "example": {
            "tasks": [ ]
         }
      }
   }
}
