{
   "example": {
      "approval": {
         "type": "manual"
      },
      "jobs": {
         "example": {
            "tasks": [ ]
         }
      }
   }
}
