{
   "tasks": [
      {
         "script": "echo 'hello'"
      },
      {
         "script": "##!/bin/bash\n\n## A simple echo command\necho \"world\";\n"
      }
   ]
}
