{
   "tasks": [
      {
         "script": "echo 'hello'"
      },
      {
         "script": "#!/bin/bash\n\necho \"world\";\n"
      }
   ]
}
