{
   "all_regions": [
      "s4s",
      "us",
      "customer-1",
      "customer-2",
      "customer-3",
      "customer-4",
      "customer-5",
      "customer-6"
   ]
}
