{
   "example-monitor.yaml": {
      "format_version": 10,
      "pipelines": {
         "deploy-example-monitor": {
            "display_order_weight": 1,
            "group": "example",
            "materials": {
               "deploy-example-us-pipeline-complete": {
                  "pipeline": "deploy-example-us",
                  "stage": "pipeline-complete"
               },
               "example_repo": {
                  "branch": "master",
                  "destination": "example",
                  "git": "git@github.com:getsentry/example.git",
                  "shallow_clone": true
               }
            },
            "region": "monitor",
            "stages": [
               {
                  "ready": {
                     "jobs": {
                        "ready": {
                           "tasks": [
                              {
                                 "exec": {
                                    "command": true
                                 }
                              }
                           ]
                        }
                     }
                  }
               },
               {
                  "wait": {
                     "approval": {
                        "type": "manual"
                     },
                     "jobs": {
                        "wait": {
                           "tasks": [
                              {
                                 "exec": {
                                    "command": true
                                 }
                              }
                           ]
                        }
                     }
                  }
               },
               {
                  "example_stage": { }
               },
               {
                  "pipeline-complete": {
                     "approval": {
                        "allow_only_on_success": true,
                        "type": "success"
                     },
                     "jobs": {
                        "pipeline-complete": {
                           "tasks": [
                              {
                                 "exec": {
                                    "command": true
                                 }
                              }
                           ]
                        }
                     }
                  }
               }
            ]
         }
      }
   },
   "example-us.yaml": {
      "format_version": 10,
      "pipelines": {
         "deploy-example-us": {
            "display_order_weight": 2,
            "group": "example",
            "materials": {
               "deploy-example-pipeline-complete": {
                  "pipeline": "deploy-example",
                  "stage": "pipeline-complete"
               },
               "example_repo": {
                  "branch": "master",
                  "destination": "example",
                  "git": "git@github.com:getsentry/example.git",
                  "shallow_clone": true
               }
            },
            "region": "us",
            "stages": [
               {
                  "ready": {
                     "jobs": {
                        "ready": {
                           "tasks": [
                              {
                                 "exec": {
                                    "command": true
                                 }
                              }
                           ]
                        }
                     }
                  }
               },
               {
                  "wait": {
                     "approval": {
                        "type": "manual"
                     },
                     "jobs": {
                        "wait": {
                           "tasks": [
                              {
                                 "exec": {
                                    "command": true
                                 }
                              }
                           ]
                        }
                     }
                  }
               },
               {
                  "example_stage": { }
               },
               {
                  "pipeline-complete": {
                     "approval": {
                        "allow_only_on_success": true,
                        "type": "success"
                     },
                     "jobs": {
                        "pipeline-complete": {
                           "tasks": [
                              {
                                 "exec": {
                                    "command": true
                                 }
                              }
                           ]
                        }
                     }
                  }
               }
            ]
         }
      }
   },
   "example.yaml": {
      "format_version": 10,
      "pipelines": {
         "deploy-example": {
            "display_order_weight": 3,
            "group": "example",
            "lock_behavior": "unlockWhenFinished",
            "materials": {
               "init_repo": {
                  "branch": "master",
                  "destination": "init",
                  "git": "git@github.com:getsentry/init.git",
                  "shallow_clone": true
               }
            },
            "stages": [
               {
                  "pipeline-complete": {
                     "approval": {
                        "type": "manual"
                     },
                     "jobs": {
                        "pipeline-complete": {
                           "tasks": [
                              {
                                 "exec": {
                                    "command": true
                                 }
                              }
                           ]
                        }
                     }
                  }
               }
            ]
         }
      }
   }
}
